MAP
  EXTENT -341017.37 6596553.56 -340938.25 6596624.2
  IMAGETYPE "png"
  NAME "Test"
  SIZE 400 400
  STATUS ON
  UNITS METERS

  OUTPUTFORMAT
    NAME "png"
    MIMETYPE "image/png"
    DRIVER "AGG/PNG"
    EXTENSION "png"
    IMAGEMODE RGB
    TRANSPARENT FALSE
  END # OUTPUTFORMAT

  SYMBOL
    NAME "CIRCLE"
    TYPE ELLIPSE
    FILLED TRUE
    POINTS
      1 1
    END
  END

  LEGEND
    KEYSIZE 20 10
    KEYSPACING 5 5
    LABEL
      SIZE 10
      OFFSET 0 0
      SHADOWSIZE 1 1
    END # LABEL
    STATUS OFF
  END # LEGEND

  QUERYMAP
    SIZE -1 -1
    STATUS OFF
    STYLE HILITE
  END # QUERYMAP

  SCALEBAR
    INTERVALS 4
    LABEL
      SIZE 10
      OFFSET 0 0
      SHADOWSIZE 1 1
    END # LABEL
    SIZE 200 3
    STATUS OFF
    UNITS MILES
  END # SCALEBAR

  WEB
  END # WEB

  LAYER
    DATA "TestSites"
    NAME "Test_Sites"
    STATUS DEFAULT
    TILEITEM "location"
    TYPE POLYGON
    UNITS METERS
    CLASS
      NAME "Single symbol"

      STYLE
        COLOR 144 112 76
        OUTLINECOLOR "#00000000"
        SIZE 2
        SYMBOL "CIRCLE"
      END # STYLE
    END # CLASS
  END # LAYER

END # MAP
